// Jest Snapshot v1, https://goo.gl/fbAQLP

exports[`Testing Button component matches Button snapshot, flex column 1`] = `
<View
  accessibilityLabel="Press Me"
  accessibilityRole="button"
  accessibilityStates={Array []}
  accessible={true}
  focusable={true}
  hasTVPreferredFocus={false}
  isTVSelectable={true}
  nextFocusDown={0}
  nextFocusForward={0}
  nextFocusLeft={0}
  nextFocusRight={0}
  nextFocusUp={0}
  onClick={[Function]}
  onResponderGrant={[Function]}
  onResponderMove={[Function]}
  onResponderRelease={[Function]}
  onResponderTerminate={[Function]}
  onResponderTerminationRequest={[Function]}
  onStartShouldSetResponder={[Function]}
  style={
    Object {
      "opacity": 1,
    }
  }
  testID="testID"
>
  <View
    style={
      Array [
        Object {},
      ]
    }
  >
    <Text
      disabled={false}
      style={
        Array [
          Object {
            "color": "#007AFF",
            "fontSize": 18,
            "padding": 8,
            "textAlign": "center",
          },
          Object {
            "color": "#00D3CA",
          },
        ]
      }
    >
      Press Me
    </Text>
  </View>
</View>
`;
