// Jest Snapshot v1, https://goo.gl/fbAQLP

exports[`Testing DatePickerIOS component matches DatePickerIOS snapshot 1`] = `
<View
  style={
    Array [
      Object {},
    ]
  }
>
  <RCTDatePicker
    date={532465200000}
    locale="en"
    maximumDate={1604862000000}
    minimumDate={1573239600000}
    onChange={[Function]}
    onResponderTerminationRequest={[Function]}
    onStartShouldSetResponder={[Function]}
    style={
      Object {
        "height": 216,
      }
    }
    timeZoneOffsetInMinutes={-300}
  />
</View>
`;
