// Jest Snapshot v1, https://goo.gl/fbAQLP

exports[`Testing Picker component matches Picker snapshot, 1`] = `
<View
  style={
    Array [
      Object {},
    ]
  }
>
  <RCTPicker
    items={Array []}
    onChange={[Function]}
    onResponderTerminationRequest={[Function]}
    onStartShouldSetResponder={[Function]}
    selectedIndex={0}
    style={
      Array [
        Object {
          "height": 216,
        },
        undefined,
      ]
    }
  />
</View>
`;
