// Jest Snapshot v1, https://goo.gl/fbAQLP

exports[`Testing Text component matches Text snapshot, flex column 1`] = `
<Text
  color="#00D3CA"
  fontFamily="Helvetica"
  fontSize={32}
  fontWeight={600}
  letterSpacing="1.5"
  lineHeight="32"
  style={
    Array [
      Object {
        "color": "#00D3CA",
        "fontFamily": "Helvetica",
        "fontSize": 32,
        "fontWeight": "600",
        "letterSpacing": 1.5,
        "lineHeight": 32,
        "textAlign": "center",
        "textTransform": "uppercase",
      },
    ]
  }
  textAlign="center"
  textTransform="uppercase"
/>
`;
