// Jest Snapshot v1, https://goo.gl/fbAQLP

exports[`Testing TouchableHighlight component matches TouchableHighlight snapshot 1`] = `
<View
  accessible={true}
  focusable={false}
  isTVSelectable={true}
  onClick={[Function]}
  onResponderGrant={[Function]}
  onResponderMove={[Function]}
  onResponderRelease={[Function]}
  onResponderTerminate={[Function]}
  onResponderTerminationRequest={[Function]}
  onStartShouldSetResponder={[Function]}
  style={
    Array [
      Object {},
    ]
  }
>
  <Text
    style={null}
  >
    Hello World
  </Text>
</View>
`;
